                            Heist to the museum - Description of the internal state

MstT               Thief 1                        Thief 2                        Thief 3                        Thief 4                        Thief 5                        Thief 6 
Stat          Stat       S     MD      Stat       S     MD       Stat       S     MD       Stat       S     MD       Stat       S     MD         Stat       S     MD 
                                                         Assault party 1                                                                                 Assault party 2                                                                                                         Museum 
                          Elem 1                        Elem 2                        Elem 3                         Elem 1                        Elem 2                         Elem 3                                   Room 1           Room 2           Room 3           Room 4           Room 5 
RId               Id   Pos   Cv   Id   Pos   Cv    Id   Pos   Cv              RId    Id   Pos   Cv    Id   Pos   Cv    Id   Pos   Cv          NP   DT          NP   DT          NP   DT          ND   DP          ND   DP 
PLAN  OUTS W  -1    OUTS W  -1    OUTS W  -1    OUTS W  -1    OUTS W  -1    OUTS W  -1  
    -1    -1  -1  -   -1  -1  -   -1  -1  -  -1    -1  -1  -   -1  -1  -   -1  -1  -   -1 -1   -1 -1   -1 -1   -1 -1   -1 -1
PLAN  OUTS W  -1    OUTS W  -1    OUTS W  -1    OUTS W  -1    OUTS W  -1    OUTS W  -1  
    -1    -1  -1  -   -1  -1  -   -1  -1  -  -1    -1  -1  -   -1  -1  -   -1  -1  -   8 24   8 24   8 24   8 24   8 24
PLAN  OUTS W  -1    OUTS W  -1    OUTS W  -1    OUTS W  -1    OUTS W  -1    OUTS W  -1  
    -1    -1  -1  -   -1  -1  -   -1  -1  -  -1    -1  -1  -   -1  -1  -   -1  -1  -   8 24   8 24   8 24   8 24   8 24
PLAN  OUTS W  -1    OUTS W  -1    OUTS W  -1    OUTS W  -1    OUTS W  -1    OUTS W  -1  
    -1    -1  -1  -   -1  -1  -   -1  -1  -  -1    -1  -1  -   -1  -1  -   -1  -1  -   8 24   8 24   8 24   8 24   8 24
PLAN  OUTS W  -1    OUTS W  -1    OUTS W  -1    OUTS W  -1    OUTS W  -1    OUTS W  -1  
    -1    -1  -1  -   -1  -1  -   -1  -1  -  -1    -1  -1  -   -1  -1  -   -1  -1  -   8 24   8 24   8 24   8 24   8 24
PLAN  OUTS W  -1    OUTS W  -1    OUTS W  -1    OUTS W  -1    OUTS W  -1    OUTS W  -1  
    -1    -1  -1  -   -1  -1  -   -1  -1  -  -1    -1  -1  -   -1  -1  -   -1  -1  -   8 24   8 24   8 24   8 24   8 24
PLAN  OUTS W  6    OUTS W  -1    OUTS W  -1    OUTS W  -1    OUTS W  -1    OUTS W  -1  
    -1    -1  -1  -   -1  -1  -   -1  -1  -  -1    -1  -1  -   -1  -1  -   -1  -1  -   8 24   8 24   8 24   8 24   8 24
PLAN  OUTS W  6    OUTS W  3    OUTS W  -1    OUTS W  -1    OUTS W  -1    OUTS W  -1  
    -1    -1  -1  -   -1  -1  -   -1  -1  -  -1    -1  -1  -   -1  -1  -   -1  -1  -   8 24   8 24   8 24   8 24   8 24
PLAN  OUTS W  6    OUTS W  3    OUTS W  6    OUTS W  -1    OUTS W  -1    OUTS W  -1  
    -1    -1  -1  -   -1  -1  -   -1  -1  -  -1    -1  -1  -   -1  -1  -   -1  -1  -   8 24   8 24   8 24   8 24   8 24
PLAN  OUTS W  6    OUTS W  3    OUTS W  6    OUTS W  6    OUTS W  -1    OUTS W  -1  
    -1    -1  -1  -   -1  -1  -   -1  -1  -  -1    -1  -1  -   -1  -1  -   -1  -1  -   8 24   8 24   8 24   8 24   8 24
PLAN  OUTS W  6    OUTS W  3    OUTS W  6    OUTS W  6    OUTS W  6    OUTS W  -1  
    -1    -1  -1  -   -1  -1  -   -1  -1  -  -1    -1  -1  -   -1  -1  -   -1  -1  -   8 24   8 24   8 24   8 24   8 24
PLAN  OUTS W  6    OUTS W  3    OUTS W  6    OUTS W  6    OUTS W  6    OUTS W  2  
    -1    -1  -1  -   -1  -1  -   -1  -1  -  -1    -1  -1  -   -1  -1  -   -1  -1  -   8 24   8 24   8 24   8 24   8 24
DWTD  OUTS W  6    OUTS W  3    OUTS W  6    OUTS W  6    OUTS W  6    OUTS W  2  
    -1    -1  -1  -   -1  -1  -   -1  -1  -  -1    -1  -1  -   -1  -1  -   -1  -1  -   8 24   8 24   8 24   8 24   8 24
DWTD  OUTS W  6    OUTS W  3    OUTS W  6    OUTS W  6    OUTS W  6    OUTS W  2  
    0    -1  -1  -   -1  -1  -   -1  -1  -  -1    -1  -1  -   -1  -1  -   -1  -1  -   8 24   8 24   8 24   8 24   8 24
DWTD  OUTS W  6    OUTS W  3    OUTS W  6    OUTS W  6    OUTS W  6    OUTS W  2  
    0    3  -1  -   -1  -1  -   -1  -1  -  -1    -1  -1  -   -1  -1  -   -1  -1  -   8 24   8 24   8 24   8 24   8 24
DWTD  OUTS W  6    OUTS W  3    OUTS W  6    CRAI P  6    OUTS W  6    OUTS W  2  
    0    3  -1  -   -1  -1  -   -1  -1  -  -1    -1  -1  -   -1  -1  -   -1  -1  -   8 24   8 24   8 24   8 24   8 24
DWTD  OUTS W  6    OUTS W  3    OUTS W  6    CRAI P  6    OUTS W  6    OUTS W  2  
    0    3  -1  -   0  -1  -   -1  -1  -  -1    -1  -1  -   -1  -1  -   -1  -1  -   8 24   8 24   8 24   8 24   8 24
DWTD  CRAI P  6    OUTS W  3    OUTS W  6    CRAI P  6    OUTS W  6    OUTS W  2  
    0    3  -1  -   0  -1  -   -1  -1  -  -1    -1  -1  -   -1  -1  -   -1  -1  -   8 24   8 24   8 24   8 24   8 24
ASSG  CRAI P  6    OUTS W  3    OUTS W  6    CRAI P  6    OUTS W  6    OUTS W  2  
    0    3  -1  -   0  -1  -   -1  -1  -  -1    -1  -1  -   -1  -1  -   -1  -1  -   8 24   8 24   8 24   8 24   8 24
ASSG  CRAI P  6    OUTS W  3    OUTS W  6    CRAI P  6    OUTS W  6    OUTS W  2  
    0    3  -1  -   0  -1  -   4  -1  -  -1    -1  -1  -   -1  -1  -   -1  -1  -   8 24   8 24   8 24   8 24   8 24
ASSG  CRAI P  6    OUTS W  3    OUTS W  6    CRAI P  6    CRAI P  6    OUTS W  2  
    0    3  -1  -   0  -1  -   4  -1  -  -1    -1  -1  -   -1  -1  -   -1  -1  -   8 24   8 24   8 24   8 24   8 24
ASSG  CRAI P  6    OUTS W  3    OUTS W  6    CRAI P  6    CRAI P  6    OUTS W  2  
    0    3  -1  -   0  -1  -   4  -1  -  0    -1  -1  -   -1  -1  -   -1  -1  -   8 24   8 24   8 24   8 24   8 24
ASSG  CRAI P  6    OUTS W  3    OUTS W  6    CRAI P  6    CRAI P  6    OUTS W  2  
    0    3  -1  -   0  -1  -   4  -1  -  0    1  -1  -   -1  -1  -   -1  -1  -   8 24   8 24   8 24   8 24   8 24
ASSG  CRAI P  6    CRAI P  3    OUTS W  6    CRAI P  6    CRAI P  6    OUTS W  2  
    0    3  -1  -   0  -1  -   4  -1  -  0    1  -1  -   -1  -1  -   -1  -1  -   8 24   8 24   8 24   8 24   8 24
ASSG  CRAI P  6    CRAI P  3    OUTS W  6    CRAI P  6    CRAI P  6    OUTS W  2  
    0    3  -1  -   0  -1  -   4  -1  -  0    1  -1  -   -1  -1  -   -1  -1  -   8 24   8 24   8 24   8 24   8 24
ASSG  CRAI P  6    CRAI P  3    OUTS W  6    CRAI P  6    CRAI P  6    OUTS W  2  
    0    3  -1  -   0  -1  -   4  -1  -  0    1  -1  -   5  -1  -   -1  -1  -   8 24   8 24   8 24   8 24   8 24
ASSG  CRAI P  6    CRAI P  3    OUTS W  6    CRAI P  6    CRAI P  6    CRAI P  2  
    0    3  -1  -   0  -1  -   4  -1  -  0    1  -1  -   5  -1  -   -1  -1  -   8 24   8 24   8 24   8 24   8 24
